C:/Bare_metal_C_programming/chip_headers/Drivers/CMSIS/Include/core_cm4.h:1684:22:__NVIC_EnableIRQ	16	static,ignoring_inline_asm
../Src/uart.c:33:5:__io_putchar	16	static
../Src/uart.c:40:6:dma1_stream6_init	24	static
../Src/uart.c:82:6:uart2_tx_init	8	static
../Src/uart.c:111:6:uart2_rx_interrupt_init	8	static
../Src/uart.c:156:6:uart2_rxtx_init	8	static
../Src/uart.c:195:6:uart2_read	4	static
../Src/uart.c:204:6:uart2_write	16	static
../Src/uart.c:212:13:uart_set_baudrate	24	static
../Src/uart.c:217:17:compute_uart_bd	16	static
