00:08:45 **** Incremental Build of configuration Debug for project 2_gpio_output ****
make -j4 all 
arm-none-eabi-gcc "../Src/main.c" -mcpu=cortex-m4 -std=gnu11 -g3 -DDEBUG -DSTM32 -DSTM32F4 -DSTM32F446RETx -DNUCLEO_F446RE -DSTM32F446xx -c -I../Inc -I"C:/Bare_metal_C_programming/chip_headers/Drivers/CMSIS/Device/ST/STM32F4xx/Include" -I"C:/Bare_metal_C_programming/chip_headers/Drivers/CMSIS/Include" -O0 -ffunction-sections -fdata-sections -Wall -fstack-usage -fcyclomatic-complexity -MMD -MP -MF"Src/main.d" -MT"Src/main.o" --specs=nano.specs -mfpu=fpv4-sp-d16 -mfloat-abi=hard -mthumb -o "Src/main.o"
arm-none-eabi-gcc -o "2_gpio_output.elf" @"objects.list"   -mcpu=cortex-m4 -T"C:\Bare_metal_C_programming\2_gpio_output\STM32F446RETX_FLASH.ld" --specs=nosys.specs -Wl,-Map="2_gpio_output.map" -Wl,--gc-sections -static --specs=nano.specs -mfpu=fpv4-sp-d16 -mfloat-abi=hard -mthumb -Wl,--start-group -lc -lm -Wl,--end-group
Finished building target: 2_gpio_output.elf
 
arm-none-eabi-size  2_gpio_output.elf 
arm-none-eabi-objdump -h -S 2_gpio_output.elf  > "2_gpio_output.list"
   text	   data	    bss	    dec	    hex	filename
    792	      0	   1568	   2360	    938	2_gpio_output.elf
Finished building: default.size.stdout
 
Finished building: 2_gpio_output.list
 
00:09:16 **** Incremental Build of configuration Debug for project 2_gpio_output ****
make -j4 all 
arm-none-eabi-size  2_gpio_output.elf 
   text	   data	    bss	    dec	    hex	filename
    792	      0	   1568	   2360	    938	2_gpio_output.elf
Finished building: default.size.stdout
 
